// Jest Snapshot v1, https://goo.gl/fbAQLP

exports[`amplify-container Render logic should render 1`] = `
<amplify-container class="css-1hbw5z0">
  <!---->
  <div></div>
</amplify-container>
`;
