// Jest Snapshot v1, https://goo.gl/fbAQLP

exports[`docs-filter-target Render logic should render 1`] = `
<docs-filter-target style="display: none;">
  <!---->
</docs-filter-target>
`;
