// Jest Snapshot v1, https://goo.gl/fbAQLP

exports[`docs-page Render logic should render 1`] = `<docs-page></docs-page>`;
